✔ unfinished work refunds only its unconsumed fraction and repairs spend only restored HP (1.963851ms)
✔ cancellations release exactly one reservation and reject foreign/replayed requests for seat 0 (2.692415ms)
✔ cancellations release exactly one reservation and reject foreign/replayed requests for seat 1 (1.598198ms)
✔ schema 22 retains map checksum, fractional banks, cargo, crops, depletion and paid work (2.458873ms)
✔ an older or unknown pin cannot claim Stone profile, banks, cargo or source state (0.367106ms)
✔ current Stone recovery requires matching explicit identity and complete finite typed banks (2.039751ms)
✔ baseline recovery forbids mineral state and never reparses the Stone price as food/wood (0.326104ms)
✔ Stone is explicit and preserves every baseline price and canonical pin (3.027485ms)
✔ missing price/bank keys and unsupported mineral keys cannot produce ignored payments (9.338049ms)
✔ paid Stone defense rejects fractional shortfalls atomically and refunds only unbuilt stock (0.590612ms)
✔ finite inputs cannot overflow into an infinite refund or bank (0.355382ms)
✔ seat 0: fractional Stone shortfall leaves every bank, ID and site unchanged (5.792569ms)
✔ seat 0: missing typed banks reject before tentative occupancy or a partial payment (4.044262ms)
✔ seat 0: Watchtower payment and partial cancellation conserve all three resources once (1.88213ms)
✔ seat 0: completed defense cannot refund and baseline defense never spends Stone (2.542859ms)
✔ seat 0: typed cargo credits its own bank once and rejects unsupported fallback deposits (6.759492ms)
✔ seat 1: fractional Stone shortfall leaves every bank, ID and site unchanged (1.639825ms)
✔ seat 1: missing typed banks reject before tentative occupancy or a partial payment (3.326428ms)
✔ seat 1: Watchtower payment and partial cancellation conserve all three resources once (1.251924ms)
✔ seat 1: completed defense cannot refund and baseline defense never spends Stone (2.230933ms)
✔ seat 1: typed cargo credits its own bank once and rejects unsupported fallback deposits (7.034668ms)
✔ Farm registry pins one provisional paid planting without drop-off or passive credit (5.746445ms)
✔ Farm harvest adapter has one persisted stock owner and disjoint source identity (0.786079ms)
✔ a prior content pin migrates existing work but cannot claim planted stock (6.030203ms)
✔ production registry retains the shipped opening economy (2.738747ms)
✔ invalid content cannot silently create free production or unknown products (6.903673ms)
✔ unimplemented mineral costs are rejected for units, buildings and research instead of being ignored (17.059389ms)
✔ registry rejects duplicate identities, broken faction rosters and prerequisite cycles (8.395945ms)
✔ faction roster rejects worker when no faction building can train it (1.01573ms)
✔ faction roster rejects infantry when no faction building can train it (0.833632ms)
✔ faction roster rejects archer when no faction building can train it (0.916027ms)
✔ faction roster rejects spearman when no faction building can train it (0.876054ms)
✔ faction roster rejects scout when no faction building can train it (0.958981ms)
✔ faction roster rejects rider when no faction building can train it (1.044669ms)
✔ faction roster rejects siege-engine when no faction building can train it (0.942979ms)
✔ faction roster rejects skiff when no faction building can train it (1.431791ms)
✔ a producer outside the faction cannot satisfy its unit roster (1.049926ms)
✔ unit coverage permits alternate and shared producers with an independent faction subset (1.421277ms)
✔ Mill is a cheaper food-only Frontier depot with an explicit existing placeholder (3.16391ms)
✔ pre-Mill content pins cannot claim a Mill that their definitions never contained (3.25891ms)
✔ Mill routing filters resource, completion, ownership and reachability for seat 0 (2.432003ms)
✔ Mill routing filters resource, completion, ownership and reachability for seat 1 (1.591261ms)
✔ Return cargo uses Mill for food and rejects wood when only Mill is available for seat 0 (4.473657ms)
✔ Return cargo uses Mill for food and rejects wood when only Mill is available for seat 1 (2.032051ms)
✔ selected depot hints describe registered resources for seat 0 (2.046131ms)
✔ selected depot hints describe registered resources for seat 1 (1.485907ms)
{"team":0,"seed":0,"planted":[300,4560],"cleared":[4410],"restarts":["foundation","harvest-cargo","exhausted"],"firstDeposit":1090,"recoveredDeposit":5444,"food":100.00000000000824,"wood":85,"spentFood":110,"spentWood":315}
✔ seat 0, seed 0: starvation, finite paid replant and checkpoint restart (2163.662025ms)
{"team":0,"seed":20260925,"planted":[300,3150],"cleared":[3000],"restarts":["foundation","harvest-cargo","exhausted"],"firstDeposit":1138,"recoveredDeposit":3952,"food":100.00000000000826,"wood":85,"spentFood":110,"spentWood":315}
✔ seat 0, seed 20260925: starvation, finite paid replant and checkpoint restart (1323.318286ms)
{"team":0,"seed":4294967295,"planted":[300,4710],"cleared":[4560],"restarts":["foundation","harvest-cargo","exhausted"],"firstDeposit":1166,"recoveredDeposit":5662,"food":100.00000000000824,"wood":85,"spentFood":110,"spentWood":315}
✔ seat 0, seed 4294967295: starvation, finite paid replant and checkpoint restart (1524.106847ms)
{"team":1,"seed":0,"planted":[300,3120],"cleared":[2970],"restarts":["foundation","harvest-cargo","exhausted"],"firstDeposit":1153,"recoveredDeposit":3936,"food":100.00000000000828,"wood":85,"spentFood":110,"spentWood":315}
✔ seat 1, seed 0: starvation, finite paid replant and checkpoint restart (1254.498978ms)
{"team":1,"seed":20260925,"planted":[300,3990],"cleared":[3840],"restarts":["foundation","harvest-cargo","exhausted"],"firstDeposit":1106,"recoveredDeposit":4771,"food":100.00000000000827,"wood":85,"spentFood":110,"spentWood":315}
✔ seat 1, seed 20260925: starvation, finite paid replant and checkpoint restart (1386.103092ms)
{"team":1,"seed":4294967295,"planted":[300,3810],"cleared":[3660],"restarts":["foundation","harvest-cargo","exhausted"],"firstDeposit":1237,"recoveredDeposit":4616,"food":60.00000000000827,"wood":105,"spentFood":150,"spentWood":295}
✔ seat 1, seed 4294967295: starvation, finite paid replant and checkpoint restart (1356.975324ms)
✔ seat 0, seed 0: Farm ownership, budgets, priorities and no-spam guards (2.837496ms)
✔ seat 0, seed 20260925: Farm ownership, budgets, priorities and no-spam guards (0.988886ms)
✔ seat 0, seed 4294967295: Farm ownership, budgets, priorities and no-spam guards (1.057261ms)
✔ seat 1, seed 0: Farm ownership, budgets, priorities and no-spam guards (0.897559ms)
✔ seat 1, seed 20260925: Farm ownership, budgets, priorities and no-spam guards (0.934404ms)
✔ seat 1, seed 4294967295: Farm ownership, budgets, priorities and no-spam guards (0.791798ms)
✔ seat 0: exhausted food is delivered before its accepted queued move completes (322.132395ms)
✔ seat 1: exhausted food is delivered before its accepted queued move completes (153.165494ms)
✔ seat 0: fractional final food and queued attack-move conserve cargo (204.84103ms)
✔ seat 0: final wood is banked once before the queued leg (153.258549ms)
✔ seat 0: stop cancels queued delivery without losing cargo (123.401133ms)
✔ seat 0: holdPosition cancels queued delivery without losing cargo (177.916449ms)
✔ seat 1: fractional final food and queued attack-move conserve cargo (217.53034ms)
✔ seat 1: final wood is banked once before the queued leg (165.78334ms)
✔ seat 1: stop cancels queued delivery without losing cargo (138.029363ms)
✔ seat 1: holdPosition cancels queued delivery without losing cargo (161.928003ms)
✔ conservation detects both lost cargo and duplicate deposit (1.637806ms)
✔ a source-free cargo delivery cannot advance queued movement before deposit (4.716492ms)
✔ seat 0 snapshots keep every positive cargo load actionable (43.427417ms)
✔ seat 1 snapshots keep every positive cargo load actionable (45.361248ms)
✔ seat 0: queued delivery waits through destroyed drop-off and deposits before one planning job (4.65064ms)
✔ seat 0: queued delivery waits through unreachable drop-off and deposits before one planning job (3.217879ms)
✔ seat 0 returns existing food/wood once and cancels previous intent (5.298045ms)
✔ seat 0 rejects invalid cargo orders without replacing prior orders (16.406161ms)
✔ seat 0 preserves cargo across blocked and destroyed drop-offs (1.986224ms)
✔ seat 1: queued delivery waits through destroyed drop-off and deposits before one planning job (4.075887ms)
✔ seat 1: queued delivery waits through unreachable drop-off and deposits before one planning job (2.796075ms)
✔ seat 1 returns existing food/wood once and cancels previous intent (14.443857ms)
✔ seat 1 rejects invalid cargo orders without replacing prior orders (19.43258ms)
✔ seat 1 preserves cargo across blocked and destroyed drop-offs (2.215039ms)
✔ Return cargo control sends only living friendly carrying workers with generation metadata (2.97324ms)
✔ resolved ruleset checksum is canonical and gameplay changes alter it (14.548875ms)
✔ prerequisite availability uses registered technology completions (1.020111ms)
✔ fish banks remain dry land; boats derive a reachable approach beside the same water visual (25.694996ms)
✔ both seats fill, drop food at owned Docks, resume, and exhaust finite stock without regrowth (32.362315ms)
✔ both shipped pilot pond corners have a safe fishing approach from the documented Dock sites (2.664303ms)
✔ Stop and checkpoint retain tiny fractional cargo; manual Return cargo delivers once without resuming (6.966225ms)
✔ blocked, destroyed, unfinished, foreign and land drop-offs never bank boat food remotely (22.318999ms)
✔ an external shore Worker consumes the authoritative stock, leaving only the remainder to the boat (4.429084ms)
✔ checkpoint fishing intent rejects foreign Dock, wrong cargo, wrong source and off-approach harvesting (2.227334ms)
✔ provisional fishing tuning is bounded and part of the ruleset; boats never become Worker build controls (31.618771ms)
ℹ tests 93
ℹ suites 0
ℹ pass 93
ℹ fail 0
ℹ cancelled 0
ℹ skipped 0
ℹ todo 0
ℹ duration_ms 9381.793878
